Archive member included to satisfy reference by file (symbol)

c:/program files/microchip/xc8/v2.31/avr/bin/../lib/gcc/avr/5.4.0/avrxmega7/memx-const\libgcc.a(_exit.o)
                              C:/Program Files (x86)/Atmel/Studio/7.0/Packs/atmel/XMEGAA_DFP/1.2.141/xc8/avr/lib/avrxmega7/memx-const/crtatxmega128a1u.o (exit)
c:/program files/microchip/xc8/v2.31/avr/bin/../lib/gcc/avr/5.4.0/avrxmega7/memx-const\libgcc.a(_xload_1.o)
                              spi.o (__xload_1)

Discarded input sections

 .data          0x0000000000000000        0x0 C:/Program Files (x86)/Atmel/Studio/7.0/Packs/atmel/XMEGAA_DFP/1.2.141/xc8/avr/lib/avrxmega7/memx-const/crtatxmega128a1u.o
 .bss           0x0000000000000000        0x0 C:/Program Files (x86)/Atmel/Studio/7.0/Packs/atmel/XMEGAA_DFP/1.2.141/xc8/avr/lib/avrxmega7/memx-const/crtatxmega128a1u.o
 .text          0x0000000000000000        0x0 main.o
 .data          0x0000000000000000        0x0 main.o
 .bss           0x0000000000000000        0x0 main.o
 .text          0x0000000000000000        0x0 spi.o
 .data          0x0000000000000000        0x0 spi.o
 .bss           0x0000000000000000        0x0 spi.o
 .text.spi_read
                0x0000000000000000       0x22 spi.o
 .text          0x0000000000000000        0x0 usart.o
 .data          0x0000000000000000        0x0 usart.o
 .bss           0x0000000000000000        0x0 usart.o
 .text.usartd0_in_char
                0x0000000000000000       0x12 usart.o
 .text.usartd0_in_string
                0x0000000000000000        0x2 usart.o
 .text.usartd0_out_char
                0x0000000000000000        0xe usart.o
 .text.usartd0_out_int
                0x0000000000000000       0x10 usart.o
 .text.usartd0_out_string
                0x0000000000000000       0x2e usart.o
 .text          0x0000000000000000        0x0 c:/program files/microchip/xc8/v2.31/avr/bin/../lib/gcc/avr/5.4.0/avrxmega7/memx-const\libgcc.a(_exit.o)
 .data          0x0000000000000000        0x0 c:/program files/microchip/xc8/v2.31/avr/bin/../lib/gcc/avr/5.4.0/avrxmega7/memx-const\libgcc.a(_exit.o)
 .bss           0x0000000000000000        0x0 c:/program files/microchip/xc8/v2.31/avr/bin/../lib/gcc/avr/5.4.0/avrxmega7/memx-const\libgcc.a(_exit.o)
 .text.libgcc.mul
                0x0000000000000000        0x0 c:/program files/microchip/xc8/v2.31/avr/bin/../lib/gcc/avr/5.4.0/avrxmega7/memx-const\libgcc.a(_exit.o)
 .text.libgcc.div
                0x0000000000000000        0x0 c:/program files/microchip/xc8/v2.31/avr/bin/../lib/gcc/avr/5.4.0/avrxmega7/memx-const\libgcc.a(_exit.o)
 .text.libgcc   0x0000000000000000        0x0 c:/program files/microchip/xc8/v2.31/avr/bin/../lib/gcc/avr/5.4.0/avrxmega7/memx-const\libgcc.a(_exit.o)
 .text.libgcc.prologue
                0x0000000000000000        0x0 c:/program files/microchip/xc8/v2.31/avr/bin/../lib/gcc/avr/5.4.0/avrxmega7/memx-const\libgcc.a(_exit.o)
 .text.libgcc.builtins
                0x0000000000000000        0x0 c:/program files/microchip/xc8/v2.31/avr/bin/../lib/gcc/avr/5.4.0/avrxmega7/memx-const\libgcc.a(_exit.o)
 .text.libgcc.fmul
                0x0000000000000000        0x0 c:/program files/microchip/xc8/v2.31/avr/bin/../lib/gcc/avr/5.4.0/avrxmega7/memx-const\libgcc.a(_exit.o)
 .text.libgcc.fixed
                0x0000000000000000        0x0 c:/program files/microchip/xc8/v2.31/avr/bin/../lib/gcc/avr/5.4.0/avrxmega7/memx-const\libgcc.a(_exit.o)
 .text          0x0000000000000000        0x0 c:/program files/microchip/xc8/v2.31/avr/bin/../lib/gcc/avr/5.4.0/avrxmega7/memx-const\libgcc.a(_xload_1.o)
 .data          0x0000000000000000        0x0 c:/program files/microchip/xc8/v2.31/avr/bin/../lib/gcc/avr/5.4.0/avrxmega7/memx-const\libgcc.a(_xload_1.o)
 .bss           0x0000000000000000        0x0 c:/program files/microchip/xc8/v2.31/avr/bin/../lib/gcc/avr/5.4.0/avrxmega7/memx-const\libgcc.a(_xload_1.o)
 .text.libgcc.mul
                0x0000000000000000        0x0 c:/program files/microchip/xc8/v2.31/avr/bin/../lib/gcc/avr/5.4.0/avrxmega7/memx-const\libgcc.a(_xload_1.o)
 .text.libgcc.div
                0x0000000000000000        0x0 c:/program files/microchip/xc8/v2.31/avr/bin/../lib/gcc/avr/5.4.0/avrxmega7/memx-const\libgcc.a(_xload_1.o)
 .text.libgcc.prologue
                0x0000000000000000        0x0 c:/program files/microchip/xc8/v2.31/avr/bin/../lib/gcc/avr/5.4.0/avrxmega7/memx-const\libgcc.a(_xload_1.o)
 .text.libgcc.builtins
                0x0000000000000000        0x0 c:/program files/microchip/xc8/v2.31/avr/bin/../lib/gcc/avr/5.4.0/avrxmega7/memx-const\libgcc.a(_xload_1.o)
 .text.libgcc.fmul
                0x0000000000000000        0x0 c:/program files/microchip/xc8/v2.31/avr/bin/../lib/gcc/avr/5.4.0/avrxmega7/memx-const\libgcc.a(_xload_1.o)
 .text.libgcc.fixed
                0x0000000000000000        0x0 c:/program files/microchip/xc8/v2.31/avr/bin/../lib/gcc/avr/5.4.0/avrxmega7/memx-const\libgcc.a(_xload_1.o)

Memory Configuration

Name             Origin             Length             Attributes
text             0x0000000000000000 0x0000000000022000 xr
data             0x0000000000802000 0x0000000000002000 rw !x
eeprom           0x0000000000810000 0x0000000000000800 rw !x
fuse             0x0000000000820000 0x0000000000000006 rw !x
lock             0x0000000000830000 0x0000000000000400 rw !x
signature        0x0000000000840000 0x0000000000000400 rw !x
user_signatures  0x0000000000850000 0x0000000000000400 rw !x
*default*        0x0000000000000000 0xffffffffffffffff

Linker script and memory map

LOAD C:/Program Files (x86)/Atmel/Studio/7.0/Packs/atmel/XMEGAA_DFP/1.2.141/xc8/avr/lib/avrxmega7/memx-const/crtatxmega128a1u.o
LOAD main.o
LOAD spi.o
LOAD usart.o
START GROUP
LOAD c:/program files/microchip/xc8/v2.31/avr/bin/../lib/gcc/avr/5.4.0/../../../../avr/lib/avrxmega7/memx-const\libm.a
END GROUP
START GROUP
LOAD c:/program files/microchip/xc8/v2.31/avr/bin/../lib/gcc/avr/5.4.0/avrxmega7/memx-const\libgcc.a
LOAD c:/program files/microchip/xc8/v2.31/avr/bin/../lib/gcc/avr/5.4.0/../../../../avr/lib/avrxmega7/memx-const\libm.a
LOAD c:/program files/microchip/xc8/v2.31/avr/bin/../lib/gcc/avr/5.4.0/../../../../avr/lib/avrxmega7/memx-const\libc.a
LOAD C:/Program Files (x86)/Atmel/Studio/7.0/Packs/atmel/XMEGAA_DFP/1.2.141/xc8/avr/lib/avrxmega7/memx-const\libatxmega128a1u.a
END GROUP
                [0x0000000000000000]                __TEXT_REGION_ORIGIN__ = DEFINED (__TEXT_REGION_ORIGIN__)?__TEXT_REGION_ORIGIN__:0x0
                [0x0000000000802000]                __DATA_REGION_ORIGIN__ = DEFINED (__DATA_REGION_ORIGIN__)?__DATA_REGION_ORIGIN__:0x802000
                [0x0000000000022000]                __TEXT_REGION_LENGTH__ = DEFINED (__TEXT_REGION_LENGTH__)?__TEXT_REGION_LENGTH__:0x100000
                [0x0000000000002000]                __DATA_REGION_LENGTH__ = DEFINED (__DATA_REGION_LENGTH__)?__DATA_REGION_LENGTH__:0xffa0
                [0x0000000000000800]                __EEPROM_REGION_LENGTH__ = DEFINED (__EEPROM_REGION_LENGTH__)?__EEPROM_REGION_LENGTH__:0x10000
                [0x0000000000000006]                __FUSE_REGION_LENGTH__ = DEFINED (__FUSE_REGION_LENGTH__)?__FUSE_REGION_LENGTH__:0x400
                0x0000000000000400                __LOCK_REGION_LENGTH__ = DEFINED (__LOCK_REGION_LENGTH__)?__LOCK_REGION_LENGTH__:0x400
                0x0000000000000400                __SIGNATURE_REGION_LENGTH__ = DEFINED (__SIGNATURE_REGION_LENGTH__)?__SIGNATURE_REGION_LENGTH__:0x400
                0x0000000000000400                __USER_SIGNATURE_REGION_LENGTH__ = DEFINED (__USER_SIGNATURE_REGION_LENGTH__)?__USER_SIGNATURE_REGION_LENGTH__:0x400

.hash
 *(.hash)

.dynsym
 *(.dynsym)

.dynstr
 *(.dynstr)

.gnu.version
 *(.gnu.version)

.gnu.version_d
 *(.gnu.version_d)

.gnu.version_r
 *(.gnu.version_r)

.rel.init
 *(.rel.init)

.rela.init
 *(.rela.init)

.rel.text
 *(.rel.text)
 *(.rel.text.*)
 *(.rel.gnu.linkonce.t*)

.rela.text
 *(.rela.text)
 *(.rela.text.*)
 *(.rela.gnu.linkonce.t*)

.rel.fini
 *(.rel.fini)

.rela.fini
 *(.rela.fini)

.rel.rodata
 *(.rel.rodata)
 *(.rel.rodata.*)
 *(.rel.gnu.linkonce.r*)

.rela.rodata
 *(.rela.rodata)
 *(.rela.rodata.*)
 *(.rela.gnu.linkonce.r*)

.rel.data
 *(.rel.data)
 *(.rel.data.*)
 *(.rel.gnu.linkonce.d*)

.rela.data
 *(.rela.data)
 *(.rela.data.*)
 *(.rela.gnu.linkonce.d*)

.rel.ctors
 *(.rel.ctors)

.rela.ctors
 *(.rela.ctors)

.rel.dtors
 *(.rel.dtors)

.rela.dtors
 *(.rela.dtors)

.rel.got
 *(.rel.got)

.rela.got
 *(.rela.got)

.rel.bss
 *(.rel.bss)

.rela.bss
 *(.rela.bss)

.rel.plt
 *(.rel.plt)

.rela.plt
 *(.rela.plt)

.text           0x0000000000000000      0x220
 *(.vectors)
 .vectors       0x0000000000000000      0x1fc C:/Program Files (x86)/Atmel/Studio/7.0/Packs/atmel/XMEGAA_DFP/1.2.141/xc8/avr/lib/avrxmega7/memx-const/crtatxmega128a1u.o
                0x0000000000000000                __vector_default
                0x0000000000000000                __vectors
 *(.vectors)
 *(.progmem.gcc*)
 *(.dinit)
 .dinit         0x00000000000001fc        0x0 data_init
                0x00000000000001fc                . = ALIGN (0x2)
                0x00000000000001fc                __trampolines_start = .
 *(.trampolines)
 .trampolines   0x00000000000001fc        0x0 linker stubs
 *(.trampolines*)
                0x00000000000001fc                __trampolines_end = .
 *libprintf_flt.a:*(.progmem.data)
 *libc.a:*(.progmem.data)
                0x00000000000001fc                . = ALIGN (0x2)
 *(.jumptables)
 *(.jumptables*)
 *(.lowtext)
 *(.lowtext*)
                0x00000000000001fc                __ctors_start = .
 *(.ctors)
                0x00000000000001fc                __ctors_end = .
                0x00000000000001fc                __dtors_start = .
 *(.dtors)
                0x00000000000001fc                __dtors_end = .
 SORT(*)(.ctors)
 SORT(*)(.dtors)
 *(.init0)
 .init0         0x00000000000001fc        0x0 C:/Program Files (x86)/Atmel/Studio/7.0/Packs/atmel/XMEGAA_DFP/1.2.141/xc8/avr/lib/avrxmega7/memx-const/crtatxmega128a1u.o
                0x00000000000001fc                __init
 *(.init0)
 *(.init1)
 *(.init1)
 *(.init2)
 .init2         0x00000000000001fc       0x18 C:/Program Files (x86)/Atmel/Studio/7.0/Packs/atmel/XMEGAA_DFP/1.2.141/xc8/avr/lib/avrxmega7/memx-const/crtatxmega128a1u.o
 *(.init2)
 *(.init3)
 *(.init3)
 *(.init4)
 *(.init4)
 *(.init5)
 *(.init5)
 *(.init6)
 *(.init6)
 *(.init7)
 *(.init7)
 *(.init8)
 *(.init8)
 *(.init9)
 .init9         0x0000000000000214        0x8 C:/Program Files (x86)/Atmel/Studio/7.0/Packs/atmel/XMEGAA_DFP/1.2.141/xc8/avr/lib/avrxmega7/memx-const/crtatxmega128a1u.o
 *(.init9)
                0x000000000000021c                . = ALIGN (0x2)
 *(.fini9)
 .fini9         0x000000000000021c        0x0 c:/program files/microchip/xc8/v2.31/avr/bin/../lib/gcc/avr/5.4.0/avrxmega7/memx-const\libgcc.a(_exit.o)
                0x000000000000021c                _exit
                0x000000000000021c                exit
 *(.fini9)
 *(.fini8)
 *(.fini8)
 *(.fini7)
 *(.fini7)
 *(.fini6)
 *(.fini6)
 *(.fini5)
 *(.fini5)
 *(.fini4)
 *(.fini4)
 *(.fini3)
 *(.fini3)
 *(.fini2)
 *(.fini2)
 *(.fini1)
 *(.fini1)
 *(.fini0)
 .fini0         0x000000000000021c        0x4 c:/program files/microchip/xc8/v2.31/avr/bin/../lib/gcc/avr/5.4.0/avrxmega7/memx-const\libgcc.a(_exit.o)
 *(.fini0)
                0x0000000000000220                _etext = .

.data           0x0000000000802000        0x0 load address 0x0000000000000220
                [!provide]                        PROVIDE (__data_start, .)
 *(.gnu.linkonce.d*)
 *(.gnu.linkonce.r*)
                0x0000000000802000                . = ALIGN (0x2)
                0x0000000000802000                _edata = .
                [!provide]                        PROVIDE (__data_end, .)

.bss            0x0000000000802000        0x0
                [!provide]                        PROVIDE (__bss_start, .)
 *(COMMON)
                [!provide]                        PROVIDE (__bss_end, .)
                0x0000000000000220                __data_load_start = LOADADDR (.data)
                0x0000000000000220                __data_load_end = (__data_load_start + SIZEOF (.data))

.noinit         0x0000000000802000        0x0
                [!provide]                        PROVIDE (__noinit_start, .)
 *(.noinit*)
                [!provide]                        PROVIDE (__noinit_end, .)
                0x0000000000802000                _end = .

.eeprom         0x0000000000810000        0x0
 *(.eeprom*)
                0x0000000000810000                __eeprom_end = .

.fuse
 *(.fuse)
 *(.lfuse)
 *(.hfuse)
 *(.efuse)

.lock
 *(.lock*)

.signature
 *(.signature*)

.user_signatures
 *(.user_signatures*)

.stab
 *(.stab)

.stabstr
 *(.stabstr)

.stab.excl
 *(.stab.excl)

.stab.exclstr
 *(.stab.exclstr)

.stab.index
 *(.stab.index)

.stab.indexstr
 *(.stab.indexstr)

.comment        0x0000000000000000       0x2f
 *(.comment)
 .comment       0x0000000000000000       0x2f main.o
                                         0x30 (size before relaxing)
 .comment       0x000000000000002f       0x30 spi.o
 .comment       0x000000000000002f       0x30 usart.o

.note.gnu.build-id
 *(.note.gnu.build-id)

.debug
 *(.debug)

.line
 *(.line)

.debug_srcinfo
 *(.debug_srcinfo)

.debug_sfnames
 *(.debug_sfnames)

.debug_aranges  0x0000000000000000       0xb0
 *(.debug_aranges)
 .debug_aranges
                0x0000000000000000       0x30 main.o
 .debug_aranges
                0x0000000000000030       0x38 spi.o
 .debug_aranges
                0x0000000000000068       0x48 usart.o

.debug_pubnames
 *(.debug_pubnames)

.debug_info     0x0000000000000000     0x59c1
 *(.debug_info .gnu.linkonce.wi.*)
 .debug_info    0x0000000000000000     0x3e5a C:/Program Files (x86)/Atmel/Studio/7.0/Packs/atmel/XMEGAA_DFP/1.2.141/xc8/avr/lib/avrxmega7/memx-const/crtatxmega128a1u.o
 .debug_info    0x0000000000003e5a      0xcc3 main.o
 .debug_info    0x0000000000004b1d      0x6ac spi.o
 .debug_info    0x00000000000051c9      0x7f8 usart.o

.debug_abbrev   0x0000000000000000     0x3ef6
 *(.debug_abbrev)
 .debug_abbrev  0x0000000000000000     0x3b0e C:/Program Files (x86)/Atmel/Studio/7.0/Packs/atmel/XMEGAA_DFP/1.2.141/xc8/avr/lib/avrxmega7/memx-const/crtatxmega128a1u.o
 .debug_abbrev  0x0000000000003b0e      0x16d main.o
 .debug_abbrev  0x0000000000003c7b      0x136 spi.o
 .debug_abbrev  0x0000000000003db1      0x145 usart.o

.debug_line     0x0000000000000000      0x8b6
 *(.debug_line .debug_line.* .debug_line_end)
 .debug_line    0x0000000000000000      0x3b8 C:/Program Files (x86)/Atmel/Studio/7.0/Packs/atmel/XMEGAA_DFP/1.2.141/xc8/avr/lib/avrxmega7/memx-const/crtatxmega128a1u.o
 .debug_line    0x00000000000003b8      0x194 main.o
 .debug_line    0x000000000000054c      0x1ae spi.o
 .debug_line    0x00000000000006fa      0x1bc usart.o

.debug_frame    0x0000000000000000      0x12c
 *(.debug_frame)
 .debug_frame   0x0000000000000000       0x44 main.o
 .debug_frame   0x0000000000000044       0x64 spi.o
 .debug_frame   0x00000000000000a8       0x84 usart.o

.debug_str      0x0000000000000000     0x29c4
 *(.debug_str)
 .debug_str     0x0000000000000000     0x2969 C:/Program Files (x86)/Atmel/Studio/7.0/Packs/atmel/XMEGAA_DFP/1.2.141/xc8/avr/lib/avrxmega7/memx-const/crtatxmega128a1u.o
 .debug_str     0x0000000000002969       0x50 main.o
 .debug_str     0x00000000000029b9        0x0 spi.o
 .debug_str     0x00000000000029b9        0xb usart.o

.debug_loc      0x0000000000000000      0x15a
 *(.debug_loc)
 .debug_loc     0x0000000000000000       0xd2 spi.o
 .debug_loc     0x00000000000000d2       0x88 usart.o

.debug_macinfo
 *(.debug_macinfo)

.debug_weaknames
 *(.debug_weaknames)

.debug_funcnames
 *(.debug_funcnames)

.debug_typenames
 *(.debug_typenames)

.debug_varnames
 *(.debug_varnames)

.debug_pubtypes
 *(.debug_pubtypes)

.debug_ranges   0x0000000000000000       0x80
 *(.debug_ranges)
 .debug_ranges  0x0000000000000000       0x20 main.o
 .debug_ranges  0x0000000000000020       0x28 spi.o
 .debug_ranges  0x0000000000000048       0x38 usart.o

.debug_macro
 *(.debug_macro)
OUTPUT(uControl.elf elf32-avr)
LOAD linker stubs
LOAD data_init

.note.gnu.avr.deviceinfo
                0x0000000000000000       0x40
 .note.gnu.avr.deviceinfo
                0x0000000000000000       0x40 C:/Program Files (x86)/Atmel/Studio/7.0/Packs/atmel/XMEGAA_DFP/1.2.141/xc8/avr/lib/avrxmega7/memx-const/crtatxmega128a1u.o

.progmemx.data  0x0000000000000220        0x4
 .progmemx.data
                0x0000000000000220        0x4 main.o

.text.main      0x0000000000000224       0x50
 .text.main     0x0000000000000224       0x50 main.o
                0x0000000000000224                main

.text.spi_write_string
                0x0000000000000274       0x2e
 .text.spi_write_string
                0x0000000000000274       0x2e spi.o
                0x0000000000000274                spi_write_string

.text.usartd0_init
                0x00000000000002a2       0x24
 .text.usartd0_init
                0x00000000000002a2       0x24 usart.o
                0x00000000000002a2                usartd0_init

.text.spi_write
                0x00000000000002c6       0x20
 .text.spi_write
                0x00000000000002c6       0x20 spi.o
                0x00000000000002c6                spi_write

.text.reset_module
                0x00000000000002e6       0x1c
 .text.reset_module
                0x00000000000002e6       0x1c main.o
                0x00000000000002e6                reset_module

.text.spi_init  0x0000000000000302       0x18
 .text.spi_init
                0x0000000000000302       0x18 spi.o
                0x0000000000000302                spi_init

.text.tcc0_init
                0x000000000000031a       0x12
 .text.tcc0_init
                0x000000000000031a       0x12 main.o
                0x000000000000031a                tcc0_init

.text.libgcc    0x000000000000032c       0x10
 .text.libgcc   0x000000000000032c       0x10 c:/program files/microchip/xc8/v2.31/avr/bin/../lib/gcc/avr/5.4.0/avrxmega7/memx-const\libgcc.a(_xload_1.o)
                0x000000000000032c                __xload_1

.text           0x000000000000033c        0x4
 .text          0x000000000000033c        0x4 C:/Program Files (x86)/Atmel/Studio/7.0/Packs/atmel/XMEGAA_DFP/1.2.141/xc8/avr/lib/avrxmega7/memx-const/crtatxmega128a1u.o
                0x000000000000033c                __vector_38
                0x000000000000033c                __vector_104
                0x000000000000033c                __vector_22
                0x000000000000033c                __vector_63
                0x000000000000033c                __vector_28
                0x000000000000033c                __vector_67
                0x000000000000033c                __vector_1
                0x000000000000033c                __vector_119
                0x000000000000033c                __vector_32
                0x000000000000033c                __vector_75
                0x000000000000033c                __vector_71
                0x000000000000033c                __vector_91
                0x000000000000033c                __vector_34
                0x000000000000033c                __vector_62
                0x000000000000033c                __vector_77
                0x000000000000033c                __vector_102
                0x000000000000033c                __vector_24
                0x000000000000033c                __vector_12
                0x000000000000033c                __vector_55
                0x000000000000033c                __vector_69
                0x000000000000033c                __vector_81
                0x000000000000033c                __vector_90
                0x000000000000033c                __vector_46
                0x000000000000033c                __bad_interrupt
                0x000000000000033c                __vector_122
                0x000000000000033c                __vector_72
                0x000000000000033c                __vector_114
                0x000000000000033c                __vector_6
                0x000000000000033c                __vector_110
                0x000000000000033c                __vector_31
                0x000000000000033c                __vector_92
                0x000000000000033c                __vector_35
                0x000000000000033c                __vector_78
                0x000000000000033c                __vector_74
                0x000000000000033c                __vector_117
                0x000000000000033c                __vector_39
                0x000000000000033c                __vector_107
                0x000000000000033c                __vector_3
                0x000000000000033c                __vector_105
                0x000000000000033c                __vector_98
                0x000000000000033c                __vector_23
                0x000000000000033c                __vector_68
                0x000000000000033c                __vector_30
                0x000000000000033c                __vector_73
                0x000000000000033c                __vector_45
                0x000000000000033c                __vector_25
                0x000000000000033c                __vector_93
                0x000000000000033c                __vector_61
                0x000000000000033c                __vector_11
                0x000000000000033c                __vector_54
                0x000000000000033c                __vector_99
                0x000000000000033c                __vector_13
                0x000000000000033c                __vector_17
                0x000000000000033c                __vector_19
                0x000000000000033c                __vector_56
                0x000000000000033c                __vector_7
                0x000000000000033c                __vector_125
                0x000000000000033c                __vector_49
                0x000000000000033c                __vector_123
                0x000000000000033c                __vector_41
                0x000000000000033c                __vector_86
                0x000000000000033c                __vector_100
                0x000000000000033c                __vector_101
                0x000000000000033c                __vector_64
                0x000000000000033c                __vector_88
                0x000000000000033c                __vector_109
                0x000000000000033c                __vector_43
                0x000000000000033c                __vector_27
                0x000000000000033c                __vector_5
                0x000000000000033c                __vector_113
                0x000000000000033c                __vector_33
                0x000000000000033c                __vector_76
                0x000000000000033c                __vector_115
                0x000000000000033c                __vector_47
                0x000000000000033c                __vector_52
                0x000000000000033c                __vector_37
                0x000000000000033c                __vector_95
                0x000000000000033c                __vector_103
                0x000000000000033c                __vector_96
                0x000000000000033c                __vector_89
                0x000000000000033c                __vector_108
                0x000000000000033c                __vector_4
                0x000000000000033c                __vector_44
                0x000000000000033c                __vector_82
                0x000000000000033c                __vector_106
                0x000000000000033c                __vector_118
                0x000000000000033c                __vector_51
                0x000000000000033c                __vector_9
                0x000000000000033c                __vector_2
                0x000000000000033c                __vector_21
                0x000000000000033c                __vector_15
                0x000000000000033c                __vector_66
                0x000000000000033c                __vector_36
                0x000000000000033c                __vector_79
                0x000000000000033c                __vector_58
                0x000000000000033c                __vector_70
                0x000000000000033c                __vector_83
                0x000000000000033c                __vector_29
                0x000000000000033c                __vector_60
                0x000000000000033c                __vector_121
                0x000000000000033c                __vector_40
                0x000000000000033c                __vector_85
                0x000000000000033c                __vector_94
                0x000000000000033c                __vector_126
                0x000000000000033c                __vector_8
                0x000000000000033c                __vector_26
                0x000000000000033c                __vector_48
                0x000000000000033c                __vector_124
                0x000000000000033c                __vector_116
                0x000000000000033c                __vector_112
                0x000000000000033c                __vector_111
                0x000000000000033c                __vector_80
                0x000000000000033c                __vector_14
                0x000000000000033c                __vector_84
                0x000000000000033c                __vector_57
                0x000000000000033c                __vector_53
                0x000000000000033c                __vector_10
                0x000000000000033c                __vector_50
                0x000000000000033c                __vector_16
                0x000000000000033c                __vector_59
                0x000000000000033c                __vector_18
                0x000000000000033c                __vector_97
                0x000000000000033c                __vector_20
                0x000000000000033c                __vector_42
                0x000000000000033c                __vector_87
                0x000000000000033c                __vector_65
                0x000000000000033c                __vector_120
